// Jest Snapshot v1, https://goo.gl/fbAQLP

exports[`Snapshot 1`] = `
Object {
  "Parameters": Object {
    "BootstrapVersion": Object {
      "Default": "/cdk-bootstrap/hnb659fds/version",
      "Description": "Version of the CDK Bootstrap resources in this environment, automatically retrieved from SSM Parameter Store. [cdk:skip]",
      "Type": "AWS::SSM::Parameter::Value<String>",
    },
  },
  "Resources": Object {
    "Function76856677": Object {
      "DependsOn": Array [
        "FunctionServiceRole675BB04A",
      ],
      "Properties": Object {
        "Code": Object {
          "S3Bucket": Object {
            "Fn::Sub": "cdk-hnb659fds-assets-\${AWS::AccountId}-\${AWS::Region}",
          },
          "S3Key": "634abf182bec18a2562da604640e0b9971e755636ae889066ae6592e1cf1c615.zip",
        },
        "Description": "src/hello-world.lambda.ts",
        "Environment": Object {
          "Variables": Object {
            "AWS_NODEJS_CONNECTION_REUSE_ENABLED": "1",
          },
        },
        "Handler": "index.handler",
        "Role": Object {
          "Fn::GetAtt": Array [
            "FunctionServiceRole675BB04A",
            "Arn",
          ],
        },
        "Runtime": "nodejs14.x",
      },
      "Type": "AWS::Lambda::Function",
    },
    "FunctionServiceRole675BB04A": Object {
      "Properties": Object {
        "AssumeRolePolicyDocument": Object {
          "Statement": Array [
            Object {
              "Action": "sts:AssumeRole",
              "Effect": "Allow",
              "Principal": Object {
                "Service": "lambda.amazonaws.com",
              },
            },
          ],
          "Version": "2012-10-17",
        },
        "ManagedPolicyArns": Array [
          Object {
            "Fn::Join": Array [
              "",
              Array [
                "arn:",
                Object {
                  "Ref": "AWS::Partition",
                },
                ":iam::aws:policy/service-role/AWSLambdaBasicExecutionRole",
              ],
            ],
          },
        ],
      },
      "Type": "AWS::IAM::Role",
    },
    "FunctionUrl84B92DCA": Object {
      "Properties": Object {
        "AuthType": "AWS_IAM",
        "TargetFunctionArn": Object {
          "Fn::GetAtt": Array [
            "Function76856677",
            "Arn",
          ],
        },
      },
      "Type": "AWS::Lambda::Url",
    },
    "InvocationsAlarm": Object {
      "Properties": Object {
        "ComparisonOperator": "LessThanLowerOrGreaterThanUpperThreshold",
        "EvaluationPeriods": 1,
        "Metrics": Array [
          Object {
            "Expression": "ANOMALY_DETECTION_BAND(invocations, 2)",
            "Id": "anomaly",
          },
          Object {
            "Id": "invocations",
            "MetricStat": Object {
              "Metric": Object {
                "Dimensions": Array [
                  Object {
                    "Name": "FunctionName",
                    "Value": Object {
                      "Ref": "Function76856677",
                    },
                  },
                ],
                "MetricName": "Invocations",
                "Namespace": "AWS/Lambda",
              },
              "Period": 300,
              "Stat": "Sum",
            },
          },
        ],
        "ThresholdMetricId": "anomaly",
        "TreatMissingData": "notBreaching",
      },
      "Type": "AWS::CloudWatch::Alarm",
    },
    "InvocationsAnomalyDetector": Object {
      "Properties": Object {
        "MetricName": "Invocations",
        "Namespace": "AWS/Lambda",
        "Stat": "Sum",
      },
      "Type": "AWS::CloudWatch::AnomalyDetector",
    },
  },
  "Rules": Object {
    "CheckBootstrapVersion": Object {
      "Assertions": Array [
        Object {
          "Assert": Object {
            "Fn::Not": Array [
              Object {
                "Fn::Contains": Array [
                  Array [
                    "1",
                    "2",
                    "3",
                    "4",
                    "5",
                  ],
                  Object {
                    "Ref": "BootstrapVersion",
                  },
                ],
              },
            ],
          },
          "AssertDescription": "CDK bootstrap stack version 6 required. Please run 'cdk bootstrap' with a recent version of the CDK CLI.",
        },
      ],
    },
  },
}
`;
